root: '' device: cuda
train vols 476 test vols 105
loaded images 13s
C:\Users\srika\anaconda3\envs\max\lib\site-packages\torch\nn\modules\transformer.py:385: UserWarning: enable_nested_tensor is True, but self.use_nested_tensor is False because encoder_layer.norm_first was True
  warnings.warn(
C:\Users\srika\Downloads\eris_sliceshuffle\solution.py:187: FutureWarning: `torch.cuda.amp.GradScaler(args...)` is deprecated. Please use `torch.amp.GradScaler('cuda', args...)` instead.
  scaler = torch.cuda.amp.GradScaler(enabled=(DEV == 'cuda'))
C:\Users\srika\Downloads\eris_sliceshuffle\solution.py:194: FutureWarning: `torch.cuda.amp.autocast(args...)` is deprecated. Please use `torch.amp.autocast('cuda', args...)` instead.
  with torch.cuda.amp.autocast(enabled=(DEV == 'cuda')):
C:\Users\srika\anaconda3\envs\max\lib\site-packages\torch\optim\lr_scheduler.py:227: UserWarning: Detected call of `lr_scheduler.step()` before `optimizer.step()`. In PyTorch 1.1.0 and later, you should call them in the opposite order: `optimizer.step()` before `lr_scheduler.step()`.  Failure to do this will result in PyTorch skipping the first value of the learning rate schedule. See more details at https://pytorch.org/docs/stable/optim.html#how-to-adjust-learning-rate
  warnings.warn(
trained seed 0  484s
C:\Users\srika\anaconda3\envs\max\lib\site-packages\torch\nn\modules\transformer.py:385: UserWarning: enable_nested_tensor is True, but self.use_nested_tensor is False because encoder_layer.norm_first was True
  warnings.warn(
trained seed 1  975s
trained seed 2  1467s
C:\Users\srika\anaconda3\envs\max\lib\site-packages\torch\nn\modules\rnn.py:1393: UserWarning: RNN module weights are not part of single contiguous chunk of memory. This means they need to be compacted at every call, possibly greatly increasing memory usage. To compact weights again call flatten_parameters(). (Triggered internally at C:\actions-runner\_work\pytorch\pytorch\pytorch\aten\src\ATen\native\cudnn\RNN.cpp:1412.)
  result = _VF.gru(
HOLDOUT rank2=0.9946 mask2=0.5501 S=0.8168 W={'w_cls': 0.5, 'w_gap': 2.0, 'w_iprior': 0.3, 'w_lead': 1.0, 'w_lprior': 0.5, 'w_occ': 0.0}
C:\Users\srika\anaconda3\envs\max\lib\site-packages\torch\nn\modules\rnn.py:1393: UserWarning: RNN module weights are not part of single contiguous chunk of memory. This means they need to be compacted at every call, possibly greatly increasing memory usage. To compact weights again call flatten_parameters(). (Triggered internally at C:\actions-runner\_work\pytorch\pytorch\pytorch\aten\src\ATen\native\cudnn\RNN.cpp:1412.)
  result = _VF.gru(
wrote working/submission.csv rows=3360  total 1495s
