=== R192 seed 3 ===
R=192 seed=3 epochs=64 train=396 hold=80 dev=cuda
C:\Users\srika\anaconda3\envs\max\lib\site-packages\torch\nn\modules\transformer.py:385: UserWarning: enable_nested_tensor is True, but self.use_nested_tensor is False because encoder_layer.norm_first was True
  warnings.warn(
C:\Users\srika\Downloads\eris_sliceshuffle\solution.py:187: FutureWarning: `torch.cuda.amp.GradScaler(args...)` is deprecated. Please use `torch.amp.GradScaler('cuda', args...)` instead.
  scaler = torch.cuda.amp.GradScaler(enabled=(DEV == 'cuda'))
C:\Users\srika\Downloads\eris_sliceshuffle\solution.py:194: FutureWarning: `torch.cuda.amp.autocast(args...)` is deprecated. Please use `torch.amp.autocast('cuda', args...)` instead.
  with torch.cuda.amp.autocast(enabled=(DEV == 'cuda')):
trained 607s
C:\Users\srika\anaconda3\envs\max\lib\site-packages\torch\nn\modules\rnn.py:1393: UserWarning: RNN module weights are not part of single contiguous chunk of memory. This means they need to be compacted at every call, possibly greatly increasing memory usage. To compact weights again call flatten_parameters(). (Triggered internally at C:\actions-runner\_work\pytorch\pytorch\pytorch\aten\src\ATen\native\cudnn\RNN.cpp:1412.)
  result = _VF.gru(
saved _w_R192_s3.pt + _ens_R192_s3.npz  total 613s
=== R160 seed 3 ===
R=160 seed=3 epochs=64 train=396 hold=80 dev=cuda
C:\Users\srika\anaconda3\envs\max\lib\site-packages\torch\nn\modules\transformer.py:385: UserWarning: enable_nested_tensor is True, but self.use_nested_tensor is False because encoder_layer.norm_first was True
  warnings.warn(
C:\Users\srika\Downloads\eris_sliceshuffle\solution.py:187: FutureWarning: `torch.cuda.amp.GradScaler(args...)` is deprecated. Please use `torch.amp.GradScaler('cuda', args...)` instead.
  scaler = torch.cuda.amp.GradScaler(enabled=(DEV == 'cuda'))
C:\Users\srika\Downloads\eris_sliceshuffle\solution.py:194: FutureWarning: `torch.cuda.amp.autocast(args...)` is deprecated. Please use `torch.amp.autocast('cuda', args...)` instead.
  with torch.cuda.amp.autocast(enabled=(DEV == 'cuda')):
trained 469s
C:\Users\srika\anaconda3\envs\max\lib\site-packages\torch\nn\modules\rnn.py:1393: UserWarning: RNN module weights are not part of single contiguous chunk of memory. This means they need to be compacted at every call, possibly greatly increasing memory usage. To compact weights again call flatten_parameters(). (Triggered internally at C:\actions-runner\_work\pytorch\pytorch\pytorch\aten\src\ATen\native\cudnn\RNN.cpp:1412.)
  result = _VF.gru(
saved _w_R160_s3.pt + _ens_R160_s3.npz  total 473s
=== R192 seed 4 ===
R=192 seed=4 epochs=64 train=396 hold=80 dev=cuda
C:\Users\srika\anaconda3\envs\max\lib\site-packages\torch\nn\modules\transformer.py:385: UserWarning: enable_nested_tensor is True, but self.use_nested_tensor is False because encoder_layer.norm_first was True
  warnings.warn(
C:\Users\srika\Downloads\eris_sliceshuffle\solution.py:187: FutureWarning: `torch.cuda.amp.GradScaler(args...)` is deprecated. Please use `torch.amp.GradScaler('cuda', args...)` instead.
  scaler = torch.cuda.amp.GradScaler(enabled=(DEV == 'cuda'))
C:\Users\srika\Downloads\eris_sliceshuffle\solution.py:194: FutureWarning: `torch.cuda.amp.autocast(args...)` is deprecated. Please use `torch.amp.autocast('cuda', args...)` instead.
  with torch.cuda.amp.autocast(enabled=(DEV == 'cuda')):
trained 618s
C:\Users\srika\anaconda3\envs\max\lib\site-packages\torch\nn\modules\rnn.py:1393: UserWarning: RNN module weights are not part of single contiguous chunk of memory. This means they need to be compacted at every call, possibly greatly increasing memory usage. To compact weights again call flatten_parameters(). (Triggered internally at C:\actions-runner\_work\pytorch\pytorch\pytorch\aten\src\ATen\native\cudnn\RNN.cpp:1412.)
  result = _VF.gru(
saved _w_R192_s4.pt + _ens_R192_s4.npz  total 623s
EXTRA SEEDS DONE
